// Jest Snapshot v1, https://goo.gl/fbAQLP

exports[`JoinedMissions Component Test render of JoinedMissions 1`] = `
<div>
  <h2>
    My Missions
  </h2>
  <ul />
</div>
`;

exports[`Layout Component Test render of Layout 1`] = `
<div>
  <h2>
    My Missions
  </h2>
  <ul />
</div>
`;
