// Jest Snapshot v1, https://goo.gl/fbAQLP

exports[`Layout Component Test render of Layout 1`] = `
<div>
  <div
    class="wrapper"
  >
    <nav>
      <h1>
        <a
          aria-current="page"
          class="active"
          href="/"
        >
          Space Travelers Hub
        </a>
      </h1>
      <ul
        class="menu"
      >
        <li
          class="page-link"
        >
          <a
            aria-current="page"
            class="active"
            href="/"
          >
            Rockets
          </a>
        </li>
        <li
          class="page-link"
        >
          <a
            class=""
            href="/missions"
          >
            Missions
          </a>
        </li>
        <li
          class="page-link"
        >
          <a
            class=""
            href="/my-profile"
          >
            My Profile
          </a>
        </li>
      </ul>
    </nav>
  </div>
</div>
`;

exports[`Layout Component test render of Layout 1`] = `
<div>
  <div
    class="wrapper"
  >
    <nav>
      <h1>
        <a
          aria-current="page"
          class="active"
          href="/"
        >
          Space Travelers Hub
        </a>
      </h1>
      <ul
        class="menu"
      >
        <li
          class="page-link"
        >
          <a
            aria-current="page"
            class="active"
            href="/"
          >
            Rockets
          </a>
        </li>
        <li
          class="page-link"
        >
          <a
            class=""
            href="/missions"
          >
            Missions
          </a>
        </li>
        <li
          class="page-link"
        >
          <a
            class=""
            href="/my-profile"
          >
            My Profile
          </a>
        </li>
      </ul>
    </nav>
  </div>
</div>
`;
