// Jest Snapshot v1, https://goo.gl/fbAQLP

exports[`MissionsTable Component Test render of MissionsTable 1`] = `
<div>
  <div>
    Loading...
  </div>
</div>
`;
