// Jest Snapshot v1, https://goo.gl/fbAQLP

exports[`Rocket List Component Test render of Rocket List 1`] = `<div />`;
